Microchip MPLAB XC8 Compiler V1.36 ()

Linker command line:

-W-3 --edf=/opt/microchip/xc8/v1.36/dat/en_msgs.txt -cs \
  -h+dist/default/production/HRI_barier_remote_control_12f675.X.production.sym \
  --cmf=dist/default/production/HRI_barier_remote_control_12f675.X.production.cmf \
  -z -Q12F675 -o/tmp/xcXR7jUMv \
  -Mdist/default/production/HRI_barier_remote_control_12f675.X.production.map \
  -E1 -ver=XC8 -ASTACK=030h-05dh -pstack=STACK -ACODE=00h-03FEh \
  -ASTRCODE=00h-03FEh -ASTRING=00h-0FFhx3,0300h-03FEh \
  -ACONST=00h-0FFhx3,0300h-03FEh -AENTRY=00h-0FFhx3,0300h-03FEh \
  -ABANK0=020h-05Dh -ARAM=020h-05Dh -AABS1=020h-05Fh -ACOMMON=05Eh-05Fh \
  -ASFR0=00h-01Fh -ASFR1=080h-0DDh -preset_vec=00h,intentry,init,end_init \
  -ppowerup=CODE -pcinit=CODE -pfunctab=CODE -ACONFIG=02007h-02007h \
  -pconfig=CONFIG -DCONFIG=2 -AIDLOC=02000h-02003h -pidloc=IDLOC -DIDLOC=2 \
  -AEEDATA=00h-07Fh/02100h -peeprom_data=EEDATA -DEEDATA=2 -posccal=03FFh \
  -DCODE=2 -DSTRCODE=2 -DSTRING=2 -DCONST=2 -DENTRY=2 -k /tmp/xcX76wPu4.obj \
  dist/default/production/HRI_barier_remote_control_12f675.X.production.obj 

Object code version is 3.11

Machine type is 12F675



                Name                               Link     Load   Length Selector   Space Scale
/tmp/xcX76wPu4.obj
                end_init                              0        0        1        0       0
                idloc                              2000     2000        4     4000       0
                config                             2007     2007        1     400E       0
dist/default/production/HRI_barier_remote_control_12f675.X.production.obj
                cinit                               3F9      3F9        6      7F2       0
                text3                               312      312        6      624       0
                text2                               318      318       18      630       0
                text1                               360      360       99      6C0       0
                maintext                            330      330       30      660       0
                cstackBANK0                          20       20        C       20       1
                bssBANK0                             2C       2C        4       20       1

TOTAL           Name                               Link     Load   Length     Space
        CLASS   STACK          

        CLASS   CODE           
                end_init                              0        0        1         0
                cinit                               3F9      3F9        6         0
                text3                               312      312        6         0
                text2                               318      318       18         0
                text1                               360      360       99         0
                maintext                            330      330       30         0

        CLASS   STRCODE        

        CLASS   STRING         

        CLASS   CONST          

        CLASS   ENTRY          

        CLASS   BANK0          
                cstackBANK0                          20       20        C         1
                bssBANK0                             2C       2C        4         1

        CLASS   RAM            

        CLASS   ABS1           
                abs_s1                               5E       5E        2         1

        CLASS   COMMON         

        CLASS   SFR0           

        CLASS   SFR1           

        CLASS   CONFIG         
                config                             2007     2007        1         0

        CLASS   IDLOC          
                idloc                              2000     2000        4         0

        CLASS   EEDATA         

        CLASS   BANK1          



SEGMENTS        Name                           Load    Length   Top    Selector   Space  Class     Delta

                reset_vec                      000000  000001  000001         0       0  CODE        2
                cstackBANK0                    000020  000010  000030        20       1  BANK0       1
                text3                          000312  000006  000318       624       0  CODE        2
                text2                          000318  000018  000330       630       0  CODE        2
                maintext                       000330  000030  000360       660       0  CODE        2
                text1                          000360  000099  0003F9       6C0       0  CODE        2
                cinit                          0003F9  000006  0003FF       7F2       0  CODE        2
                idloc                          002000  000004  002004      4000       0  IDLOC       2
                config                         002007  000001  002008      400E       0  CONFIG      2


UNUSED ADDRESS RANGES

        Name                Unused          Largest block    Delta
        BANK0            0030-005D             2E           1
        CODE             0001-0311            311           2
        CONST            0001-0311            100           2
        EEDATA           2100-217F             80           2
        ENTRY            0001-0311            100           2
        RAM              0030-005D             2E           1
        SFR0             0000-001F             20           1
        SFR1             0080-00DD             5E           1
        STACK            0030-005D             2E           1
        STRCODE          0001-0311            311           2
        STRING           0001-0311            100           2

                                  Symbol Table

TRANSMIT_DATA@CURRENT_DATA cstackBANK0  0022
TRANSMIT_DATA@x            cstackBANK0  0026
_ADCON0                    (abs)        001F
_ANSEL                     (abs)        009F
_CHARBYTE                  bssBANK0     002C
_CMCON                     (abs)        0019
_GPIO                      (abs)        0005
_GPIObits                  (abs)        0005
_INIT_AFTER_SLEEP          text3        0312
_INTCON                    (abs)        000B
_INTCONbits                (abs)        000B
_IOCbits                   (abs)        0096
_OPTION_REGbits            (abs)        0081
_OSCCAL                    (abs)        0090
_PIC_INIT                  text2        0318
_TRANSMIT_DATA             text1        0360
_TRISIO                    (abs)        0085
_TRISIObits                (abs)        0085
_WPUbits                   (abs)        0095
__CFG_BOREN$OFF            (abs)        0000
__CFG_CP$OFF               (abs)        0000
__CFG_CPD$OFF              (abs)        0000
__CFG_FOSC$INTRCIO         (abs)        0000
__CFG_MCLRE$OFF            (abs)        0000
__CFG_PWRTE$OFF            (abs)        0000
__CFG_WDTE$OFF             (abs)        0000
__Habs1                    abs1         07FE
__Hbank0                   bank0        07FE
__Hbank1                   bank1        07FE
__HbssBANK0                bssBANK0     07FE
__Hcinit                   cinit        03FF
__Hclrtext                 clrtext      07FE
__Hcode                    code         07FE
__Hcommon                  common       07FE
__Hconfig                  config       2008
__HcstackBANK0             cstackBANK0  07FE
__HcstackCOMMON            cstackCOMMON 07FE
__Heeprom_data             eeprom_data  0000
__Hend_init                end_init     0001
__Hfunctab                 functab      0000
__Hidloc                   idloc        2004
__Hinit                    init         0000
__Hintentry                intentry     0000
__Hmaintext                maintext     07FE
__Hosccal                  osccal       03FF
__Hpowerup                 powerup      0000
__Hram                     ram          07FE
__Hreset_vec               reset_vec    0000
__Hsfr0                    sfr0         07FE
__Hsfr1                    sfr1         07FE
__Hspace_0                 (abs)        2008
__Hspace_1                 (abs)        07FE
__Hspace_2                 (abs)        0000
__Hspace_3                 (abs)        0000
__Hstack                   stack        0000
__Hstrings                 strings      07FE
__Htext                    text         07FE
__Labs1                    abs1         07FE
__Lbank0                   bank0        07FE
__Lbank1                   bank1        07FE
__LbssBANK0                bssBANK0     07FE
__Lcinit                   cinit        03F9
__Lclrtext                 clrtext      07FE
__Lcode                    code         07FE
__Lcommon                  common       07FE
__Lconfig                  config       2007
__LcstackBANK0             cstackBANK0  07FE
__LcstackCOMMON            cstackCOMMON 07FE
__Leeprom_data             eeprom_data  0000
__Lend_init                end_init     0000
__Lfunctab                 functab      0000
__Lidloc                   idloc        2000
__Linit                    init         0000
__Lintentry                intentry     0000
__Lmaintext                maintext     07FE
__Losccal                  osccal       03FF
__Lpowerup                 powerup      0000
__Lram                     ram          07FE
__Lreset_vec               reset_vec    0000
__Lsfr0                    sfr0         07FE
__Lsfr1                    sfr1         07FE
__Lspace_0                 (abs)        0000
__Lspace_1                 (abs)        0000
__Lspace_2                 (abs)        0000
__Lspace_3                 (abs)        0000
__Lstack                   stack        0000
__Lstrings                 strings      07FE
__Ltext                    text         07FE
__S0                       (abs)        2008
__S1                       (abs)        0030
__S2                       (abs)        0000
__S3                       (abs)        0000
___int_sp                  stack        0000
___latbits                 (abs)        0000
___osccal_val              osccal       03FF
___sp                      stack        0000
__end_of_INIT_AFTER_SLEEP  text3        0318
__end_of_PIC_INIT          text2        0330
__end_of_TRANSMIT_DATA     text1        03F9
__end_of__initialization   cinit        03FD
__end_of_main              maintext     0360
__initialization           cinit        03F9
__pbssBANK0                bssBANK0     002C
__pcstackBANK0             cstackBANK0  0020
__pcstackCOMMON            cstackCOMMON 0000
__pmaintext                maintext     0330
__ptext1                   text1        0360
__ptext2                   text2        0318
__ptext3                   text3        0312
__size_of_INIT_AFTER_SLEEP (abs)        0000
__size_of_PIC_INIT         (abs)        0000
__size_of_TRANSMIT_DATA    (abs)        0000
__size_of_main             (abs)        0000
_main                      maintext     0330
btemp                      (abs)        005E
end_of_initialization      cinit        03FD
intlevel0                  functab      0000
intlevel1                  functab      0000
intlevel2                  functab      0000
intlevel3                  functab      0000
intlevel4                  functab      0000
intlevel5                  functab      0000
ltemp                      (abs)        005E
ltemp0                     (abs)        005E
ltemp1                     (abs)        0062
ltemp2                     (abs)        0066
ltemp3                     (abs)        0060
main@but_count             cstackBANK0  002A
main@execute               cstackBANK0  002B
reset_vec                  reset_vec    0000
stackhi                    (abs)        0000
stacklo                    (abs)        0000
start                      init         0000
start_initialization       cinit        03F9
ttemp                      (abs)        005E
ttemp0                     (abs)        005E
ttemp1                     (abs)        0061
ttemp2                     (abs)        0064
ttemp3                     (abs)        0067
ttemp4                     (abs)        005F
wtemp                      (abs)        005E
wtemp0                     (abs)        005E
wtemp1                     (abs)        0060
wtemp2                     (abs)        0062
wtemp3                     (abs)        0064
wtemp4                     (abs)        0066
wtemp5                     (abs)        0068
wtemp6                     (abs)        005F


FUNCTION INFORMATION:

 *************** function _main *****************
 Defined at:
		line 134 in file "newmain.c"
 Parameters:    Size  Location     Type
		None
 Auto vars:     Size  Location     Type
  execute         1   11[BANK0 ] unsigned char 
  but_count       1   10[BANK0 ] unsigned char 
 Return value:  Size  Location     Type
                  1    wreg      void 
 Registers used:
		wreg, fsr0l, fsr0h, status,2, status,0, btemp+1, pclath, cstack
 Tracked objects:
		On entry : 
		On exit  : 
		Unchanged: 
 Data sizes:     COMMON   BANK0
      Params:         0       0
      Locals:         0       2
      Temps:          0       2
      Totals:         0       4
Total ram usage:        4 bytes
 Hardware stack levels required when called:    1
 This function calls:
		_INIT_AFTER_SLEEP
		_PIC_INIT
		_TRANSMIT_DATA
 This function is called by:
		Startup code after reset
 This function uses a non-reentrant model


 *************** function _TRANSMIT_DATA *****************
 Defined at:
		line 87 in file "newmain.c"
 Parameters:    Size  Location     Type
		None
 Auto vars:     Size  Location     Type
  x               2    6[BANK0 ] int 
  CURRENT_DATA    4    2[BANK0 ] unsigned long 
 Return value:  Size  Location     Type
                  2   40[None  ] int 
 Registers used:
		wreg, fsr0l, fsr0h, status,2, status,0, btemp+1
 Tracked objects:
		On entry : 
		On exit  : 
		Unchanged: 
 Data sizes:     COMMON   BANK0
      Params:         0       0
      Locals:         0       6
      Temps:          0       2
      Totals:         0       8
Total ram usage:        8 bytes
 Hardware stack levels used:    1
 This function calls:
		Nothing
 This function is called by:
		_main
 This function uses a non-reentrant model


 *************** function _PIC_INIT *****************
 Defined at:
		line 42 in file "newmain.c"
 Parameters:    Size  Location     Type
		None
 Auto vars:     Size  Location     Type
		None
 Return value:  Size  Location     Type
                  1    wreg      void 
 Registers used:
		wreg, status,2
 Tracked objects:
		On entry : 
		On exit  : 
		Unchanged: 
 Data sizes:     COMMON   BANK0
      Params:         0       0
      Locals:         0       0
      Temps:          0       0
      Totals:         0       0
Total ram usage:        0 bytes
 Hardware stack levels used:    1
 This function calls:
		Nothing
 This function is called by:
		_main
 This function uses a non-reentrant model


 *************** function _INIT_AFTER_SLEEP *****************
 Defined at:
		line 61 in file "newmain.c"
 Parameters:    Size  Location     Type
		None
 Auto vars:     Size  Location     Type
		None
 Return value:  Size  Location     Type
                  1    wreg      void 
 Registers used:
		status,2
 Tracked objects:
		On entry : 
		On exit  : 
		Unchanged: 
 Data sizes:     COMMON   BANK0
      Params:         0       0
      Locals:         0       0
      Temps:          0       0
      Totals:         0       0
Total ram usage:        0 bytes
 Hardware stack levels used:    1
 This function calls:
		Nothing
 This function is called by:
		_main
 This function uses a non-reentrant model



MODULE INFORMATION

Module		Function		Class		Link	Load	Size
newmain.c
		_PIC_INIT      		CODE           	0318	0000	25
		_main          		CODE           	0330	0000	49
		_TRANSMIT_DATA 		CODE           	0360	0000	154
		_INIT_AFTER_SLEEP		CODE           	0312	0000	7

newmain.c estimated size: 235

shared
		__initialization		CODE           	03F9	0000	5

shared estimated size: 5

